error: Lifecycle cannot have generic parameters!
  --> $DIR/generic_agent_lifecycle.rs:10:12
   |
10 |     struct TestAgentLifecycle<T> {
   |            ^^^^^^^^^^^^^^^^^^
