error: Lifecycle cannot be created from Union.
  --> $DIR/union_action_lifecycle.rs:10:11
   |
10 |     union ActionLifecycle {
   |           ^^^^^^^^^^^^^^^
