error: Lifecycle cannot be created from Enum.
  --> $DIR/enum_value_lifecycle.rs:10:10
   |
10 |     enum ValueLifecycle {}
   |          ^^^^^^^^^^^^^^
