error: Lifecycle cannot be created from Enum.
  --> $DIR/enum_action_lifecycle.rs:24:10
   |
24 |     enum ActionLifecycle {}
   |          ^^^^^^^^^^^^^^^
