error: Swim agent cannot have generic parameters.
  --> $DIR/generic_agent.rs:22:5
   |
22 | /     #[agent(config(TestAgentConfig))]
23 | |     pub struct TestAgent<S> {
24 | |         field: S,
25 | |     }
   | |_____^
