error: Lifecycle cannot be created from Union.
  --> $DIR/union_action_lifecycle.rs:24:5
   |
24 | /     union ActionLifecycle {
25 | |         field: i32,
26 | |     }
   | |_____^
