error: Field has multiple kind tags
  --> src/tests/derive/form/double_kind.rs:20:9
   |
20 | /         #[form(skip, body)]
21 | |         a: i32,
   | |______________^
