error: Only enumeration types can be tags.
  --> src/tests/derive/tag/not_enum.rs:19:5
   |
19 | /     struct S {
20 | |         a: i32,
21 | |         b: i32,
22 | |     }
   | |_____^
