error: Enum variants cannot specify a tag field
  --> $DIR/tag_enum.rs:20:9
   |
20 | /         B {
21 | |             #[form(tag)]
22 | |             tag: String,
23 | |         },
   | |_________^
